ERC report (2026-06-04T20:21:54, Encoding UTF8)
Report includes: Errors, Warnings

***** Sheet /
[power_pin_not_driven]: Input Power pin not driven by any Output Power pins
    ; error
    @(4100 mils, 2000 mils): Symbol U1 Pin 19 [5V, Stromversorgung, Linie]
[power_pin_not_driven]: Input Power pin not driven by any Output Power pins
    ; error
    @(4100 mils, 4800 mils): Symbol U1 Pin 14 [GND, Stromversorgung, Linie]
[power_pin_not_driven]: Input Power pin not driven by any Output Power pins
    ; error
    @(4200 mils, 2000 mils): Symbol U1 Pin 1 [3V3, Stromversorgung, Linie]
[pin_not_connected]: Pin not connected
    ; warning
    @(2800 mils, 2200 mils): Symbol U1 Pin 2 [CHIP_PU, Eingang, Linie]
[pin_not_driven]: Input pin not driven by any Output pins
    ; warning
    @(2800 mils, 2200 mils): Symbol U1 Pin 2 [CHIP_PU, Eingang, Linie]
[pin_not_connected]: Pin not connected
    ; warning
    @(2800 mils, 2700 mils): Symbol U1 Pin 13 [MTDI/GPIO12/ADC2_CH5, Bidirektional, Linie]
[pin_not_connected]: Pin not connected
    ; warning
    @(2800 mils, 2800 mils): Symbol U1 Pin 15 [MTCK/GPIO13/ADC2_CH4, Bidirektional, Linie]
[pin_not_connected]: Pin not connected
    ; warning
    @(2800 mils, 2900 mils): Symbol U1 Pin 12 [MTMS/GPIO14/ADC2_CH6, Bidirektional, Linie]
[pin_not_connected]: Pin not connected
    ; warning
    @(2800 mils, 3000 mils): Symbol U1 Pin 23 [MTDO/GPIO15/ADC2_CH3, Bidirektional, Linie]
[pin_not_connected]: Pin not connected
    ; warning
    @(2800 mils, 3400 mils): Symbol U1 Pin 3 [SENSOR_VP/GPIO36/ADC1_CH0, Eingang, Linie]
[pin_not_driven]: Input pin not driven by any Output pins
    ; warning
    @(2800 mils, 3400 mils): Symbol U1 Pin 3 [SENSOR_VP/GPIO36/ADC1_CH0, Eingang, Linie]
[pin_not_connected]: Pin not connected
    ; warning
    @(2800 mils, 3500 mils): Symbol U1 Pin 4 [SENSOR_VN/GPIO39/ADC1_CH3, Eingang, Linie]
[pin_not_driven]: Input pin not driven by any Output pins
    ; warning
    @(2800 mils, 3500 mils): Symbol U1 Pin 4 [SENSOR_VN/GPIO39/ADC1_CH3, Eingang, Linie]
[pin_not_connected]: Pin not connected
    ; warning
    @(5400 mils, 2200 mils): Symbol U1 Pin 35 [U0TXD/GPIO1, Bidirektional, Linie]
[pin_not_connected]: Pin not connected
    ; warning
    @(5400 mils, 2300 mils): Symbol U1 Pin 34 [U0RXD/GPIO3, Bidirektional, Linie]
[pin_not_connected]: Pin not connected
    ; warning
    @(5400 mils, 2500 mils): Symbol U1 Pin 25 [GPIO0/BOOT/ADC2_CH1, Bidirektional, Linie]
[pin_not_connected]: Pin not connected
    ; warning
    @(5400 mils, 2600 mils): Symbol U1 Pin 24 [ADC2_CH2/GPIO2, Bidirektional, Linie]
[pin_not_connected]: Pin not connected
    ; warning
    @(5400 mils, 2800 mils): Symbol U1 Pin 29 [GPIO5, Bidirektional, Linie]
[pin_not_connected]: Pin not connected
    ; warning
    @(5400 mils, 2900 mils): Symbol U1 Pin 30 [GPIO18, Bidirektional, Linie]
[pin_not_connected]: Pin not connected
    ; warning
    @(5400 mils, 3000 mils): Symbol U1 Pin 31 [GPIO19, Bidirektional, Linie]
[pin_not_connected]: Pin not connected
    ; warning
    @(5400 mils, 3100 mils): Symbol U1 Pin 33 [GPIO21, Bidirektional, Linie]
[pin_not_connected]: Pin not connected
    ; warning
    @(5400 mils, 3200 mils): Symbol U1 Pin 36 [GPIO22, Bidirektional, Linie]
[pin_not_connected]: Pin not connected
    ; warning
    @(5400 mils, 3300 mils): Symbol U1 Pin 37 [GPIO23, Bidirektional, Linie]
[pin_not_connected]: Pin not connected
    ; warning
    @(5400 mils, 3600 mils): Symbol U1 Pin 11 [ADC2_CH7/GPIO27, Bidirektional, Linie]
[pin_not_connected]: Pin not connected
    ; warning
    @(5400 mils, 3900 mils): Symbol U1 Pin 20 [SD_CLK/GPIO6, Bidirektional, Linie]
[pin_not_connected]: Pin not connected
    ; warning
    @(5400 mils, 4000 mils): Symbol U1 Pin 21 [SD_DATA0/GPIO7, Bidirektional, Linie]
[pin_not_connected]: Pin not connected
    ; warning
    @(5400 mils, 4100 mils): Symbol U1 Pin 22 [SD_DATA1/GPIO8, Bidirektional, Linie]
[pin_not_connected]: Pin not connected
    ; warning
    @(5400 mils, 4200 mils): Symbol U1 Pin 16 [SD_DATA2/GPIO9, Bidirektional, Linie]
[pin_not_connected]: Pin not connected
    ; warning
    @(5400 mils, 4300 mils): Symbol U1 Pin 17 [SD_DATA3/GPIO10, Bidirektional, Linie]
[pin_not_connected]: Pin not connected
    ; warning
    @(5400 mils, 4400 mils): Symbol U1 Pin 18 [CMD, Bidirektional, Linie]
[pin_not_connected]: Pin not connected
    ; warning
    @(5400 mils, 4500 mils): Symbol U1 Pin 27 [GPIO16, Bidirektional, Linie]
[pin_not_connected]: Pin not connected
    ; warning
    @(5400 mils, 4600 mils): Symbol U1 Pin 28 [GPIO17, Bidirektional, Linie]

 ** ERC messages: 32  Errors 3  Warnings 29

 ** Ignored checks:
    - Global label only appears once in the schematic
    - Four connection points are joined together
    - Unconnected wire endpoint
    - SPICE model issue
    - Assigned footprint doesn't match footprint filters
